// Jest Snapshot v1, https://goo.gl/fbAQLP

exports[`should be render ThemedTogglerButton correctly 1`] = `
<div>
  <article>
    <h1>
      Context
    </h1>
    <button
      style="background-color: rgb(238, 238, 238);"
    >
      Toggle Theme
    </button>
  </article>
</div>
`;
